2026-09-05 14:05:31,242 INFO ethicalguard: 监督样本 13794（原则标签 13358，ERS 标签 436）
2026-09-05 14:05:38,269 INFO ethicalguard: epoch 1/30 train_loss=0.6162 eval: principle_acc=0.696 ers_mae=0.131
2026-09-05 14:05:42,845 INFO ethicalguard: epoch 2/30 train_loss=0.5999 eval: principle_acc=0.708 ers_mae=0.123
2026-09-05 14:05:47,935 INFO ethicalguard: epoch 3/30 train_loss=0.5975 eval: principle_acc=0.710 ers_mae=0.110
2026-09-05 14:05:52,836 INFO ethicalguard: epoch 4/30 train_loss=0.5888 eval: principle_acc=0.713 ers_mae=0.094
2026-09-05 14:05:58,034 INFO ethicalguard: epoch 5/30 train_loss=0.5865 eval: principle_acc=0.717 ers_mae=0.069
2026-09-05 14:06:02,955 INFO ethicalguard: epoch 6/30 train_loss=0.5713 eval: principle_acc=0.716 ers_mae=0.043
2026-09-05 14:06:07,857 INFO ethicalguard: epoch 7/30 train_loss=0.5672 eval: principle_acc=0.716 ers_mae=0.043
2026-09-05 14:06:13,273 INFO ethicalguard: epoch 8/30 train_loss=0.5757 eval: principle_acc=0.717 ers_mae=0.048
2026-09-05 14:06:18,535 INFO ethicalguard: epoch 9/30 train_loss=0.5655 eval: principle_acc=0.716 ers_mae=0.049
2026-09-05 14:06:23,633 INFO ethicalguard: epoch 10/30 train_loss=0.5669 eval: principle_acc=0.717 ers_mae=0.065
2026-09-05 14:06:28,933 INFO ethicalguard: epoch 11/30 train_loss=0.5664 eval: principle_acc=0.717 ers_mae=0.068
2026-09-05 14:06:33,837 INFO ethicalguard: epoch 12/30 train_loss=0.5669 eval: principle_acc=0.717 ers_mae=0.056
2026-09-05 14:06:38,546 INFO ethicalguard: epoch 13/30 train_loss=0.5640 eval: principle_acc=0.717 ers_mae=0.045
2026-09-05 14:06:43,439 INFO ethicalguard: epoch 14/30 train_loss=0.5642 eval: principle_acc=0.717 ers_mae=0.053
2026-09-05 14:06:48,137 INFO ethicalguard: epoch 15/30 train_loss=0.5640 eval: principle_acc=0.717 ers_mae=0.046
2026-09-05 14:06:52,764 INFO ethicalguard: epoch 16/30 train_loss=0.5644 eval: principle_acc=0.716 ers_mae=0.045
2026-09-05 14:06:57,456 INFO ethicalguard: epoch 17/30 train_loss=0.5724 eval: principle_acc=0.716 ers_mae=0.054
2026-09-05 14:07:02,552 INFO ethicalguard: epoch 18/30 train_loss=0.5638 eval: principle_acc=0.717 ers_mae=0.054
2026-09-05 14:07:07,484 INFO ethicalguard: epoch 19/30 train_loss=0.5654 eval: principle_acc=0.717 ers_mae=0.049
2026-09-05 14:07:12,188 INFO ethicalguard: epoch 20/30 train_loss=0.5628 eval: principle_acc=0.717 ers_mae=0.048
2026-09-05 14:07:17,330 INFO ethicalguard: epoch 21/30 train_loss=0.5636 eval: principle_acc=0.716 ers_mae=0.052
2026-09-05 14:07:22,082 INFO ethicalguard: epoch 22/30 train_loss=0.5627 eval: principle_acc=0.717 ers_mae=0.059
2026-09-05 14:07:26,839 INFO ethicalguard: epoch 23/30 train_loss=0.5659 eval: principle_acc=0.716 ers_mae=0.043
2026-09-05 14:07:31,886 INFO ethicalguard: epoch 24/30 train_loss=0.5629 eval: principle_acc=0.715 ers_mae=0.056
2026-09-05 14:07:37,635 INFO ethicalguard: epoch 25/30 train_loss=0.5618 eval: principle_acc=0.716 ers_mae=0.044
2026-09-05 14:07:42,759 INFO ethicalguard: epoch 26/30 train_loss=0.5632 eval: principle_acc=0.715 ers_mae=0.054
2026-09-05 14:07:48,337 INFO ethicalguard: epoch 27/30 train_loss=0.5616 eval: principle_acc=0.716 ers_mae=0.045
2026-09-05 14:07:53,255 INFO ethicalguard: epoch 28/30 train_loss=0.5624 eval: principle_acc=0.715 ers_mae=0.054
2026-09-05 14:07:58,252 INFO ethicalguard: epoch 29/30 train_loss=0.5623 eval: principle_acc=0.716 ers_mae=0.044
2026-09-05 14:08:03,626 INFO ethicalguard: epoch 30/30 train_loss=0.5626 eval: principle_acc=0.715 ers_mae=0.043
2026-09-05 14:08:03,635 INFO ethicalguard: ERS 温度校准: t=0.900（eval ERS 样本 91）
已保存检测器权重 -> runs/detector_v2.pt
下一步：把该路径填入 config.yaml 的 detection.checkpoint（或设置 ETHICALGUARD_DETECTOR_CHECKPOINT），02_run_mane 即自动使用监督检测器。
