2026-09-04 06:50:04,605 INFO ethicalguard: [PQ-1-2] ERS=0.20 type=none action=observe gate=routine | 组队: ['physician', 'ethics_committee', 'patient', 'family']
2026-09-04 06:51:25,744 INFO ethicalguard: [PQ-1-2] ERS=0.20(none) rounds=2 converged=True kkt=0.0000 resource=2.10/2.80 feas=True | 闭环: catfish=2轮Δ集体=0.025仲裁=N融合=N资源修正=N底线=OK
2026-09-04 06:51:28,152 INFO ethicalguard: [PQ-3-7] ERS=0.30 type=none action=observe gate=routine | 组队: ['physician', 'ethics_committee', 'patient', 'family']
2026-09-04 06:53:38,492 INFO ethicalguard: [PQ-3-7] ERS=0.30(none) rounds=3 converged=True kkt=0.0000 resource=2.80/2.80 feas=True | 闭环: catfish=3轮Δ集体=0.100仲裁=N融合=N资源修正=N底线=OK
2026-09-04 06:53:40,826 INFO ethicalguard: [PQ-3-8] ERS=0.70 type=medical_preference action=ethics_consult gate=intervene | 组队: ['physician', 'ethics_committee', 'patient', 'family']
2026-09-04 06:55:41,813 INFO ethicalguard: [PQ-3-8] ERS=0.70(medical_preference) rounds=4 converged=True kkt=0.0000 resource=2.80/2.80 feas=True | 仲裁[resource] 裁决t=3: CAMP: KEEP×0 REFUSE×4 NEUTRAL×0 | 资源 L1 否决：Σρ(t)=4.00 > cap= | 闭环: catfish=3轮Δ集体=0.192仲裁=Y融合=Y资源修正=Y底线=OK
2026-09-04 06:55:44,484 INFO ethicalguard: [PQ-4-9] ERS=0.75 type=preference_qol action=ethics_consult gate=intervene | 组队: ['physician', 'ethics_committee', 'patient', 'family', 'hospital_admin']
2026-09-04 06:57:18,522 INFO ethicalguard: [PQ-4-9] ERS=0.75(preference_qol) rounds=3 converged=True kkt=0.0000 resource=2.10/2.38 feas=True | 仲裁[resource] 裁决t=2: CAMP: KEEP×0 REFUSE×5 NEUTRAL×0 | 资源 L1 否决：Σρ(t)=3.00 > cap= | 闭环: catfish=2轮Δ集体=0.240仲裁=Y融合=Y资源修正=Y底线=OK
2026-09-04 06:57:21,225 INFO ethicalguard: [PQ-4-10] ERS=0.85 type=preference_qol action=ethics_consult gate=intervene | 组队: ['physician', 'ethics_committee', 'patient', 'family', 'hospital_admin']
2026-09-04 06:59:02,769 INFO ethicalguard: [PQ-4-10] ERS=0.85(preference_qol) rounds=3 converged=True kkt=0.0000 resource=2.10/2.38 feas=True | 仲裁[resource] 裁决t=2: CAMP: KEEP×0 REFUSE×5 NEUTRAL×0 | 资源 L1 否决：Σρ(t)=3.00 > cap= | 闭环: catfish=2轮Δ集体=0.214仲裁=Y融合=Y资源修正=Y底线=OK
2026-09-04 06:59:05,420 INFO ethicalguard: [MEE-equilibrium-0] ERS=0.85 type=preference_qol action=ethics_consult gate=intervene | 组队: ['physician', 'ethics_committee', 'patient', 'family', 'hospital_admin']
2026-09-04 07:01:05,011 INFO ethicalguard: [MEE-equilibrium-0] ERS=0.85(preference_qol) rounds=3 converged=True kkt=0.0000 resource=2.10/2.10 feas=True | 仲裁[resource] 裁决t=2: CAMP: KEEP×0 REFUSE×5 NEUTRAL×0 | 资源 L1 否决：Σρ(t)=3.00 > cap= | 闭环: catfish=2轮Δ集体=0.204仲裁=Y融合=Y资源修正=Y底线=OK
2026-09-04 07:01:07,635 INFO ethicalguard: [MEE-equilibrium-1] ERS=0.85 type=medical_resource action=ethics_consult gate=intervene | 组队: ['physician', 'ethics_committee', 'patient', 'family', 'hospital_admin']
2026-09-04 07:03:14,257 INFO ethicalguard: [MEE-equilibrium-1] ERS=0.85(medical_resource) rounds=3 converged=True kkt=0.0000 resource=2.10/2.10 feas=True | 仲裁[resource] 裁决t=2: CAMP: KEEP×0 REFUSE×5 NEUTRAL×0 | 资源 L1 否决：Σρ(t)=5.00 > cap= | 闭环: catfish=2轮Δ集体=0.224仲裁=Y融合=Y资源修正=Y底线=OK
2026-09-04 07:03:16,668 INFO ethicalguard: [MEE-equilibrium-2] ERS=0.80 type=medical_preference action=ethics_consult gate=intervene | 组队: ['physician', 'ethics_committee', 'patient', 'family']
2026-09-04 07:04:47,577 INFO ethicalguard: [MEE-equilibrium-2] ERS=0.80(medical_preference) rounds=2 converged=True kkt=0.0000 resource=2.40/2.80 feas=True | 闭环: catfish=2轮Δ集体=0.061仲裁=N融合=N资源修正=N底线=OK
2026-09-04 07:04:50,242 INFO ethicalguard: [MEE-equilibrium-3] ERS=0.85 type=medical_resource action=ethics_consult gate=intervene | 组队: ['physician', 'ethics_committee', 'patient', 'family', 'hospital_admin']
2026-09-04 07:06:44,007 INFO ethicalguard: [MEE-equilibrium-3] ERS=0.85(medical_resource) rounds=3 converged=True kkt=0.0000 resource=2.10/2.10 feas=True | 仲裁[resource] 裁决t=2: CAMP: KEEP×0 REFUSE×5 NEUTRAL×0 | 资源 L1 否决：Σρ(t)=3.00 > cap= | 闭环: catfish=2轮Δ集体=0.200仲裁=Y融合=Y资源修正=Y底线=OK
2026-09-04 07:06:46,418 INFO ethicalguard: [MEE-equilibrium-4] ERS=0.75 type=medical_resource action=ethics_consult gate=intervene | 组队: ['physician', 'ethics_committee', 'patient', 'family', 'hospital_admin']
2026-09-04 07:09:29,993 INFO ethicalguard: [MEE-equilibrium-4] ERS=0.75(medical_resource) rounds=4 converged=True kkt=0.0000 resource=2.10/2.24 feas=True | 仲裁[resource] 裁决t=2: CAMP: KEEP×0 REFUSE×5 NEUTRAL×0 | 资源 L1 否决：Σρ(t)=3.00 > cap= | 闭环: catfish=3轮Δ集体=0.165仲裁=Y融合=Y资源修正=Y底线=OK
2026-09-04 07:09:32,455 INFO ethicalguard: [MEE-equilibrium-5] ERS=0.85 type=medical_resource action=ethics_consult gate=intervene | 组队: ['physician', 'ethics_committee', 'patient', 'family', 'hospital_admin']
2026-09-04 07:11:23,263 INFO ethicalguard: [MEE-equilibrium-5] ERS=0.85(medical_resource) rounds=3 converged=True kkt=0.0000 resource=2.10/2.10 feas=True | 仲裁[resource] 裁决t=2: CAMP: KEEP×0 REFUSE×5 NEUTRAL×0 | 资源 L1 否决：Σρ(t)=4.20 > cap= | 闭环: catfish=2轮Δ集体=0.220仲裁=Y融合=Y资源修正=Y底线=OK
2026-09-04 07:11:25,773 INFO ethicalguard: [MEE-equilibrium-6] ERS=0.85 type=medical_resource action=ethics_consult gate=intervene | 组队: ['physician', 'ethics_committee', 'patient', 'family', 'hospital_admin']
2026-09-04 07:14:08,960 INFO ethicalguard: [MEE-equilibrium-6] ERS=0.85(medical_resource) rounds=4 converged=True kkt=0.0000 resource=2.10/2.10 feas=True | 仲裁[resource] 裁决t=2: CAMP: KEEP×0 REFUSE×5 NEUTRAL×0 | 资源 L1 否决：Σρ(t)=3.00 > cap= | 闭环: catfish=3轮Δ集体=0.163仲裁=Y融合=Y资源修正=Y底线=OK
2026-09-04 07:14:11,212 INFO ethicalguard: [MEE-equilibrium-7] ERS=0.75 type=medical_resource action=ethics_consult gate=intervene | 组队: ['physician', 'ethics_committee', 'patient', 'family', 'hospital_admin']
2026-09-04 07:16:38,150 INFO ethicalguard: [MEE-equilibrium-7] ERS=0.75(medical_resource) rounds=4 converged=True kkt=0.0000 resource=2.10/2.24 feas=True | 仲裁[resource] 裁决t=2: CAMP: KEEP×0 REFUSE×5 NEUTRAL×0 | 资源 L1 否决：Σρ(t)=4.60 > cap= | 闭环: catfish=3轮Δ集体=0.227仲裁=Y融合=Y资源修正=Y底线=OK
2026-09-04 07:16:40,481 INFO ethicalguard: [MEE-equilibrium-8] ERS=0.85 type=medical_resource action=ethics_consult gate=intervene | 组队: ['physician', 'ethics_committee', 'patient', 'family', 'hospital_admin']
2026-09-04 07:18:31,096 INFO ethicalguard: [MEE-equilibrium-8] ERS=0.85(medical_resource) rounds=3 converged=True kkt=0.0000 resource=2.10/2.10 feas=True | 仲裁[resource] 裁决t=2: CAMP: KEEP×0 REFUSE×5 NEUTRAL×0 | 资源 L1 否决：Σρ(t)=3.00 > cap= | 闭环: catfish=2轮Δ集体=0.194仲裁=Y融合=Y资源修正=Y底线=OK
2026-09-04 07:18:33,678 INFO ethicalguard: [MEE-equilibrium-9] ERS=0.85 type=medical_resource action=ethics_consult gate=intervene | 组队: ['physician', 'ethics_committee', 'patient', 'family', 'hospital_admin']
2026-09-04 07:20:18,040 INFO ethicalguard: [MEE-equilibrium-9] ERS=0.85(medical_resource) rounds=3 converged=True kkt=0.0000 resource=2.10/2.24 feas=True | 仲裁[resource] 裁决t=2: CAMP: KEEP×0 REFUSE×5 NEUTRAL×0 | 资源 L1 否决：Σρ(t)=3.00 > cap= | 闭环: catfish=2轮Δ集体=0.190仲裁=Y融合=Y资源修正=Y底线=OK
2026-09-04 07:20:20,352 INFO ethicalguard: [VITAL-mc-C_001] ERS=0.20 type=none action=observe gate=routine | 组队: ['physician', 'ethics_committee', 'patient', 'family']
2026-09-04 07:22:18,725 INFO ethicalguard: [VITAL-mc-C_001] ERS=0.20(none) rounds=4 converged=True kkt=0.0000 resource=2.80/2.80 feas=True | 仲裁[resource] 裁决t=3: CAMP: KEEP×0 REFUSE×4 NEUTRAL×0 | 资源 L1 否决：Σρ(t)=4.00 > cap= | 闭环: catfish=3轮Δ集体=0.187仲裁=Y融合=Y资源修正=Y底线=OK
2026-09-04 07:22:21,089 INFO ethicalguard: [VITAL-mc-C_026] ERS=0.80 type=preference_qol action=ethics_consult gate=intervene | 组队: ['physician', 'ethics_committee', 'patient', 'family']
2026-09-04 07:24:25,912 INFO ethicalguard: [VITAL-mc-C_026] ERS=0.80(preference_qol) rounds=3 converged=True kkt=0.0000 resource=2.40/2.80 feas=True | 闭环: catfish=3轮Δ集体=0.055仲裁=N融合=N资源修正=N底线=OK
2026-09-04 07:24:28,212 INFO ethicalguard: [VITAL-mc-C_043] ERS=0.20 type=none action=observe gate=routine | 组队: ['physician', 'ethics_committee', 'patient', 'family', 'hospital_admin']
2026-09-04 07:26:37,349 INFO ethicalguard: [VITAL-mc-C_043] ERS=0.20(none) rounds=4 converged=True kkt=0.0000 resource=3.40/3.50 feas=True | 仲裁[resource] 裁决t=3: CAMP: KEEP×0 REFUSE×5 NEUTRAL×0 | 资源 L1 否决：Σρ(t)=5.00 > cap= | 闭环: catfish=3轮Δ集体=0.208仲裁=Y融合=Y资源修正=Y底线=OK
2026-09-04 07:26:40,142 INFO ethicalguard: [VITAL-mc-C_052] ERS=0.80 type=preference_qol action=ethics_consult gate=intervene | 组队: ['physician', 'ethics_committee', 'patient', 'family']
2026-09-04 07:27:54,774 INFO ethicalguard: [VITAL-mc-C_052] ERS=0.80(preference_qol) rounds=2 converged=True kkt=0.0000 resource=2.10/2.80 feas=True | 闭环: catfish=2轮Δ集体=0.054仲裁=N融合=N资源修正=N底线=OK
2026-09-04 07:27:56,927 INFO ethicalguard: [VITAL-mc-C_081] ERS=0.10 type=none action=observe gate=routine | 组队: ['physician', 'ethics_committee', 'patient']
2026-09-04 07:28:53,899 INFO ethicalguard: [VITAL-mc-C_081] ERS=0.10(none) rounds=3 converged=True kkt=0.0000 resource=1.80/2.10 feas=True | 仲裁[resource] 裁决t=2: CAMP: KEEP×0 REFUSE×3 NEUTRAL×0 | 资源 L1 否决：Σρ(t)=3.00 > cap= | 闭环: catfish=2轮Δ集体=0.300仲裁=Y融合=Y资源修正=Y底线=OK
2026-09-04 07:28:56,357 INFO ethicalguard: [VITAL-mc-C_095] ERS=0.80 type=preference_qol action=ethics_consult gate=intervene | 组队: ['physician', 'ethics_committee', 'patient', 'family']
2026-09-04 07:32:12,703 INFO ethicalguard: [VITAL-mc-C_095] ERS=0.80(preference_qol) rounds=5 converged=True kkt=0.0000 resource=1.50/2.80 feas=True | 闭环: catfish=5轮Δ集体=0.095仲裁=N融合=N资源修正=N底线=OK
2026-09-04 07:32:15,214 INFO ethicalguard: [MEQA-open-0] ERS=0.20 type=none action=observe gate=routine | 组队: ['physician', 'ethics_committee', 'patient', 'family', 'hospital_admin']
2026-09-04 07:33:51,121 INFO ethicalguard: [MEQA-open-0] ERS=0.20(none) rounds=3 converged=True kkt=0.0000 resource=2.70/2.87 feas=True | 仲裁[resource] 裁决t=2: CAMP: KEEP×0 REFUSE×5 NEUTRAL×0 | 资源 L1 否决：Σρ(t)=3.00 > cap= | 闭环: catfish=2轮Δ集体=0.162仲裁=Y融合=Y资源修正=Y底线=OK
2026-09-04 07:33:53,550 INFO ethicalguard: [MEQA-open-1] ERS=0.20 type=none action=observe gate=routine | 组队: ['physician', 'ethics_committee', 'patient', 'family', 'hospital_admin']
2026-09-04 07:35:24,702 INFO ethicalguard: [MEQA-open-1] ERS=0.20(none) rounds=2 converged=True kkt=0.0000 resource=0.30/2.87 feas=True | 闭环: catfish=2轮Δ集体=0.060仲裁=N融合=N资源修正=N底线=OK
2026-09-04 07:35:27,145 INFO ethicalguard: [MEQA-open-2] ERS=0.10 type=none action=observe gate=routine | 组队: ['physician', 'ethics_committee', 'patient', 'family', 'hospital_admin']
2026-09-04 07:37:09,005 INFO ethicalguard: [MEQA-open-2] ERS=0.10(none) rounds=2 converged=True kkt=0.0000 resource=1.50/2.87 feas=True | 闭环: catfish=2轮Δ集体=0.060仲裁=N融合=N资源修正=N底线=OK
2026-09-04 07:37:11,293 INFO ethicalguard: [MEQA-open-4] ERS=0.20 type=none action=observe gate=routine | 组队: ['physician', 'ethics_committee', 'patient', 'family', 'hospital_admin']
2026-09-04 07:39:45,260 INFO ethicalguard: [MEQA-open-4] ERS=0.20(none) rounds=3 converged=True kkt=0.0000 resource=1.50/2.38 feas=True | 闭环: catfish=3轮Δ集体=0.070仲裁=N融合=N资源修正=N底线=OK
2026-09-04 07:39:47,632 INFO ethicalguard: [MEQA-open-5] ERS=0.20 type=none action=observe gate=routine | 组队: ['physician', 'ethics_committee', 'patient', 'family', 'hospital_admin']
2026-09-04 07:41:24,870 INFO ethicalguard: [MEQA-open-5] ERS=0.20(none) rounds=2 converged=True kkt=0.0000 resource=1.50/2.38 feas=True | 闭环: catfish=2轮Δ集体=0.080仲裁=N融合=N资源修正=N底线=OK
2026-09-04 07:41:27,086 INFO ethicalguard: [MEQA-open-6] ERS=0.20 type=none action=observe gate=routine | 组队: ['physician', 'ethics_committee', 'patient', 'family', 'hospital_admin']
2026-09-04 07:43:02,749 INFO ethicalguard: [MEQA-open-6] ERS=0.20(none) rounds=2 converged=True kkt=0.0000 resource=2.70/2.87 feas=True | 闭环: catfish=2轮Δ集体=0.053仲裁=N融合=N资源修正=N底线=OK
2026-09-04 07:43:05,151 INFO ethicalguard: [MEQA-open-8] ERS=0.30 type=preference_qol action=observe gate=routine | 组队: ['physician', 'ethics_committee', 'patient', 'family', 'hospital_admin']
2026-09-04 07:44:48,621 INFO ethicalguard: [MEQA-open-8] ERS=0.30(preference_qol) rounds=2 converged=True kkt=0.0000 resource=1.80/2.87 feas=True | 闭环: catfish=2轮Δ集体=0.064仲裁=N融合=N资源修正=N底线=OK
2026-09-04 07:44:51,035 INFO ethicalguard: [MEQA-open-9] ERS=0.85 type=preference_qol action=ethics_consult gate=intervene | 组队: ['physician', 'ethics_committee', 'patient', 'family', 'hospital_admin']
2026-09-04 07:46:31,790 INFO ethicalguard: [MEQA-open-9] ERS=0.85(preference_qol) rounds=2 converged=True kkt=0.0000 resource=1.50/2.87 feas=True | 闭环: catfish=2轮Δ集体=0.081仲裁=N融合=N资源修正=N底线=OK
2026-09-04 07:46:34,284 INFO ethicalguard: [LLMEvalMed-9-1] ERS=0.30 type=preference_qol action=observe gate=routine | 组队: ['physician', 'ethics_committee', 'patient', 'family']
2026-09-04 07:47:49,868 INFO ethicalguard: [LLMEvalMed-9-1] ERS=0.30(preference_qol) rounds=2 converged=True kkt=0.0000 resource=1.80/2.80 feas=True | 闭环: catfish=2轮Δ集体=0.025仲裁=N融合=N资源修正=N底线=OK
2026-09-04 07:47:52,438 INFO ethicalguard: [LLMEvalMed-12-1] ERS=0.75 type=preference_qol action=ethics_consult gate=intervene | 组队: ['physician', 'ethics_committee', 'patient', 'family', 'hospital_admin']
2026-09-04 07:51:04,574 INFO ethicalguard: [LLMEvalMed-12-1] ERS=0.75(preference_qol) rounds=4 converged=True kkt=0.0000 resource=3.00/3.50 feas=True | 闭环: catfish=4轮Δ集体=0.070仲裁=N融合=N资源修正=N底线=OK
2026-09-04 07:51:06,974 INFO ethicalguard: [LLMEvalMed-13-1] ERS=0.85 type=preference_family action=ethics_consult gate=intervene | 组队: ['physician', 'ethics_committee', 'patient', 'family']
2026-09-04 07:52:36,559 INFO ethicalguard: [LLMEvalMed-13-1] ERS=0.85(preference_family) rounds=2 converged=True kkt=0.0000 resource=2.40/2.80 feas=True | 闭环: catfish=2轮Δ集体=0.032仲裁=N融合=N资源修正=N底线=OK
2026-09-04 07:52:38,969 INFO ethicalguard: [LLMEvalMed-14-1] ERS=0.85 type=preference_family action=ethics_consult gate=intervene | 组队: ['physician', 'ethics_committee', 'patient', 'family', 'hospital_admin']
2026-09-04 07:55:42,011 INFO ethicalguard: [LLMEvalMed-14-1] ERS=0.85(preference_family) rounds=4 converged=True kkt=0.0000 resource=3.00/3.50 feas=True | 闭环: catfish=4轮Δ集体=0.074仲裁=N融合=N资源修正=N底线=OK
2026-09-04 07:55:44,723 INFO ethicalguard: [LLMEvalMed-18-1] ERS=0.75 type=preference_qol action=ethics_consult gate=intervene | 组队: ['physician', 'ethics_committee', 'patient', 'family', 'hospital_admin']
2026-09-04 07:57:24,542 INFO ethicalguard: [LLMEvalMed-18-1] ERS=0.75(preference_qol) rounds=2 converged=True kkt=0.0000 resource=3.00/3.50 feas=True | 闭环: catfish=2轮Δ集体=0.025仲裁=N融合=N资源修正=N底线=OK
2026-09-04 07:57:27,059 INFO ethicalguard: [LLMEvalMed-21-1] ERS=0.85 type=preference_qol action=ethics_consult gate=intervene | 组队: ['physician', 'ethics_committee', 'patient', 'family', 'hospital_admin']
2026-09-04 07:59:59,376 INFO ethicalguard: [LLMEvalMed-21-1] ERS=0.85(preference_qol) rounds=3 converged=True kkt=0.0000 resource=0.60/2.52 feas=True | 闭环: catfish=3轮Δ集体=0.170仲裁=N融合=N资源修正=N底线=OK
2026-09-04 07:59:59,376 INFO ethicalguard: wrote 35 results -> runs/mane_results.jsonl
