2026-09-05 14:08:14,791 INFO ethicalguard: [PQ-1-2] ERS=0.57 type=preference_family action=review_24h gate=routine | 组队: ['physician', 'ethics_committee', 'patient', 'family']
2026-09-05 14:09:36,480 INFO ethicalguard: [PQ-1-2] ERS=0.57 type=preference_family action=review_24h gate=routine | 组队: ['physician', 'ethics_committee', 'patient', 'family']
2026-09-05 14:11:44,730 INFO ethicalguard: [PQ-1-2] ERS=0.57 type=preference_family action=review_24h gate=routine | 组队: ['physician', 'ethics_committee', 'patient', 'family', 'hospital_admin']
2026-09-05 14:14:09,824 INFO ethicalguard: [PQ-1-2] ERS=0.57 type=preference_family action=review_24h gate=routine | 组队: ['physician', 'ethics_committee', 'patient', 'family', 'hospital_admin']
2026-09-05 14:16:43,478 INFO ethicalguard: [PQ-1-2] ERS=0.57 type=preference_family action=review_24h gate=routine | 组队: ['physician', 'ethics_committee', 'patient', 'family', 'hospital_admin']
2026-09-05 14:19:10,127 INFO ethicalguard: [PQ-1-2] ERS=0.57 type=preference_family action=review_24h gate=routine | 组队: ['physician', 'ethics_committee', 'patient', 'family']
2026-09-05 14:20:37,651 INFO ethicalguard: [PQ-1-2] ERS=0.57 type=preference_family action=review_24h gate=routine | 组队: ['physician', 'ethics_committee', 'patient', 'family']
2026-09-05 14:22:02,813 INFO ethicalguard: [PQ-1-2] ERS=0.57 type=preference_family action=review_24h gate=routine | 组队: ['physician', 'ethics_committee', 'patient', 'family']
2026-09-05 14:24:19,371 INFO ethicalguard: [PQ-1-2] ERS=0.57 type=preference_family action=review_24h gate=routine | 组队: ['physician', 'ethics_committee', 'patient', 'family']
2026-09-05 14:25:41,921 INFO ethicalguard: [PQ-1-2] ERS=0.57 type=preference_family action=review_24h gate=routine | 组队: ['physician', 'ethics_committee', 'patient', 'family']
2026-09-05 14:27:20,123 INFO ethicalguard: [PQ-1-2] ERS=0.56 type=preference_family action=review_24h gate=routine | 组队: ['physician', 'ethics_committee', 'patient', 'family']
2026-09-05 14:28:46,433 INFO ethicalguard: [PQ-1-2] ERS=0.56 type=preference_family action=review_24h gate=routine | 组队: ['physician', 'ethics_committee', 'patient', 'family']
2026-09-05 14:30:12,266 INFO ethicalguard: [PQ-1-2] ERS=0.56 type=preference_family action=review_24h gate=routine | 组队: ['physician', 'ethics_committee', 'patient', 'family']
2026-09-05 14:31:40,137 INFO ethicalguard: [PQ-1-2] ERS=0.56 type=preference_family action=review_24h gate=routine | 组队: ['physician', 'ethics_committee', 'patient', 'family']
2026-09-05 14:33:04,118 INFO ethicalguard: [PQ-1-2] ERS=0.55 type=preference_family action=review_24h gate=routine | 组队: ['physician', 'ethics_committee', 'patient', 'family']
2026-09-05 14:34:25,375 INFO ethicalguard: [PQ-1-2] ERS=0.55 type=preference_family action=review_24h gate=routine | 组队: ['physician', 'ethics_committee', 'patient', 'family']
2026-09-05 14:35:47,648 INFO ethicalguard: [PQ-1-2] ERS=0.55 type=medical_preference action=review_24h gate=routine | 组队: ['physician', 'ethics_committee', 'patient', 'family']
2026-09-05 14:37:06,927 INFO ethicalguard: [PQ-1-2] ERS=0.57 type=preference_family action=review_24h gate=routine | 组队: ['physician', 'ethics_committee', 'patient', 'family']
2026-09-05 14:38:26,035 INFO ethicalguard: [PQ-1-2] ERS=0.57 type=preference_family action=review_24h gate=routine | 组队: ['physician', 'ethics_committee', 'patient', 'family']
2026-09-05 14:39:46,699 INFO ethicalguard: [PQ-1-2] ERS=0.57 type=preference_family action=review_24h gate=routine | 组队: ['physician', 'ethics_committee', 'patient', 'family', 'hospital_admin']
2026-09-05 14:41:20,993 INFO ethicalguard: [PQ-1-2] ERS=0.57 type=preference_family action=review_24h gate=routine | 组队: ['physician', 'ethics_committee', 'patient', 'family', 'hospital_admin']
2026-09-05 14:43:00,796 INFO ethicalguard: [PQ-1-2] ERS=0.57 type=preference_family action=review_24h gate=routine | 组队: ['physician', 'ethics_committee', 'patient', 'family']
2026-09-05 14:44:25,403 INFO ethicalguard: [PQ-1-2] ERS=0.56 type=preference_family action=review_24h gate=routine | 组队: ['physician', 'ethics_committee', 'patient', 'family']
2026-09-05 14:45:46,547 INFO ethicalguard: [PQ-1-2] ERS=0.56 type=preference_family action=review_24h gate=routine | 组队: ['physician', 'ethics_committee', 'patient', 'family']
2026-09-05 14:47:11,561 INFO ethicalguard: [PQ-1-2] ERS=0.56 type=preference_family action=review_24h gate=routine | 组队: ['physician', 'ethics_committee', 'patient', 'family']
2026-09-05 14:48:35,801 INFO ethicalguard: [PQ-1-2] ERS=0.57 type=preference_family action=review_24h gate=routine | 组队: ['physician', 'ethics_committee', 'patient', 'family']
2026-09-05 14:50:51,816 INFO ethicalguard: [PQ-1-2] ERS=0.57 type=preference_family action=review_24h gate=routine | 组队: ['physician', 'ethics_committee', 'patient', 'family']
2026-09-05 14:53:13,415 INFO ethicalguard: [PQ-1-2] ERS=0.57 type=preference_family action=review_24h gate=routine | 组队: ['physician', 'ethics_committee', 'patient', 'family']
2026-09-05 14:54:51,493 INFO ethicalguard: [PQ-1-2] ERS=0.57 type=preference_family action=review_24h gate=routine | 组队: ['physician', 'ethics_committee', 'patient', 'family']
2026-09-05 14:57:15,327 INFO ethicalguard: [PQ-1-2] ERS=0.57 type=preference_family action=review_24h gate=routine | 组队: ['physician', 'ethics_committee', 'patient', 'family']
2026-09-05 14:58:38,664 INFO ethicalguard: [PQ-1-2][完整韧性] R_ethical=0.847 C=0.965 robust=0.102 recover=0.650 BSP=1.00 abandoned={} tau_abandon=- verdict=ACCEPT nq[HEALTHY] convB=0.040→0.052 volB=0.025→0.081
2026-09-05 14:58:38,669 INFO ethicalguard: [PQ-3-7] ERS=0.54 type=none action=review_24h gate=routine | 组队: ['physician', 'ethics_committee', 'patient', 'family']
2026-09-05 15:03:29,951 INFO ethicalguard: [PQ-3-7] ERS=0.54 type=preference_family action=review_24h gate=routine | 组队: ['physician', 'ethics_committee', 'patient', 'family']
2026-09-05 15:05:00,483 INFO ethicalguard: [PQ-3-7] ERS=0.54 type=preference_family action=review_24h gate=routine | 组队: ['physician', 'ethics_committee', 'patient', 'family', 'hospital_admin']
2026-09-05 15:06:52,147 INFO ethicalguard: [PQ-3-7] ERS=0.54 type=preference_family action=review_24h gate=routine | 组队: ['physician', 'ethics_committee', 'patient', 'family', 'hospital_admin']
2026-09-05 15:09:51,447 INFO ethicalguard: [PQ-3-7] ERS=0.54 type=preference_family action=review_24h gate=routine | 组队: ['physician', 'ethics_committee', 'patient', 'family', 'hospital_admin']
2026-09-05 15:11:48,988 INFO ethicalguard: [PQ-3-7] ERS=0.54 type=preference_family action=review_24h gate=routine | 组队: ['physician', 'ethics_committee', 'patient', 'family']
2026-09-05 15:13:27,269 INFO ethicalguard: [PQ-3-7] ERS=0.54 type=preference_family action=review_24h gate=routine | 组队: ['physician', 'ethics_committee', 'patient', 'family']
2026-09-05 15:15:12,924 INFO ethicalguard: [PQ-3-7] ERS=0.54 type=preference_family action=review_24h gate=routine | 组队: ['physician', 'ethics_committee', 'patient', 'family']
2026-09-05 15:16:58,091 INFO ethicalguard: [PQ-3-7] ERS=0.54 type=preference_family action=review_24h gate=routine | 组队: ['physician', 'ethics_committee', 'patient', 'family']
2026-09-05 15:18:44,080 INFO ethicalguard: [PQ-3-7] ERS=0.54 type=none action=review_24h gate=routine | 组队: ['physician', 'ethics_committee', 'patient', 'family']
2026-09-05 15:20:26,141 INFO ethicalguard: [PQ-3-7] ERS=0.54 type=none action=review_24h gate=routine | 组队: ['physician', 'ethics_committee', 'patient', 'family']
2026-09-05 15:22:11,314 INFO ethicalguard: [PQ-3-7] ERS=0.54 type=none action=review_24h gate=routine | 组队: ['physician', 'ethics_committee', 'patient', 'family']
2026-09-05 15:24:06,359 INFO ethicalguard: [PQ-3-7] ERS=0.54 type=none action=review_24h gate=routine | 组队: ['physician', 'ethics_committee', 'patient', 'family']
2026-09-05 15:25:56,197 INFO ethicalguard: [PQ-3-7] ERS=0.54 type=none action=review_24h gate=routine | 组队: ['physician', 'ethics_committee', 'patient', 'family']
2026-09-05 15:27:38,605 INFO ethicalguard: [PQ-3-7] ERS=0.54 type=none action=review_24h gate=routine | 组队: ['physician', 'ethics_committee', 'patient', 'family']
2026-09-05 15:29:18,849 INFO ethicalguard: [PQ-3-7] ERS=0.54 type=none action=review_24h gate=routine | 组队: ['physician', 'ethics_committee', 'patient', 'family']
2026-09-05 15:30:59,861 INFO ethicalguard: [PQ-3-7] ERS=0.54 type=none action=review_24h gate=routine | 组队: ['physician', 'ethics_committee', 'patient', 'family']
2026-09-05 15:32:39,994 INFO ethicalguard: [PQ-3-7] ERS=0.54 type=preference_family action=review_24h gate=routine | 组队: ['physician', 'ethics_committee', 'patient', 'family']
2026-09-05 15:35:23,552 INFO ethicalguard: [PQ-3-7] ERS=0.55 type=preference_family action=review_24h gate=routine | 组队: ['physician', 'ethics_committee', 'patient', 'family']
2026-09-05 15:38:12,811 INFO ethicalguard: [PQ-3-7] ERS=0.55 type=preference_family action=review_24h gate=routine | 组队: ['physician', 'ethics_committee', 'patient', 'family', 'hospital_admin']
2026-09-05 15:41:21,628 INFO ethicalguard: [PQ-3-7] ERS=0.55 type=preference_family action=review_24h gate=routine | 组队: ['physician', 'ethics_committee', 'patient', 'family', 'hospital_admin']
2026-09-05 15:45:47,451 INFO ethicalguard: [PQ-3-7] ERS=0.54 type=none action=review_24h gate=routine | 组队: ['physician', 'ethics_committee', 'patient', 'family']
2026-09-05 15:47:18,430 INFO ethicalguard: [PQ-3-7] ERS=0.54 type=none action=review_24h gate=routine | 组队: ['physician', 'ethics_committee', 'patient', 'family']
2026-09-05 15:48:48,948 INFO ethicalguard: [PQ-3-7] ERS=0.54 type=none action=review_24h gate=routine | 组队: ['physician', 'ethics_committee', 'patient', 'family']
2026-09-05 15:50:18,109 INFO ethicalguard: [PQ-3-7] ERS=0.54 type=none action=review_24h gate=routine | 组队: ['physician', 'ethics_committee', 'patient', 'family']
2026-09-05 15:51:44,375 INFO ethicalguard: [PQ-3-7] ERS=0.54 type=preference_family action=review_24h gate=routine | 组队: ['physician', 'ethics_committee', 'patient', 'family']
2026-09-05 15:53:24,446 INFO ethicalguard: [PQ-3-7] ERS=0.54 type=preference_family action=review_24h gate=routine | 组队: ['physician', 'ethics_committee', 'patient', 'family']
2026-09-05 15:57:55,596 INFO ethicalguard: [PQ-3-7] ERS=0.54 type=preference_family action=review_24h gate=routine | 组队: ['physician', 'ethics_committee', 'patient', 'family']
2026-09-05 15:59:28,623 INFO ethicalguard: [PQ-3-7] ERS=0.54 type=preference_family action=review_24h gate=routine | 组队: ['physician', 'ethics_committee', 'patient', 'family']
2026-09-05 16:02:04,295 INFO ethicalguard: [PQ-3-7] ERS=0.54 type=none action=review_24h gate=routine | 组队: ['physician', 'ethics_committee', 'patient', 'family']
2026-09-05 16:04:30,738 INFO ethicalguard: [PQ-3-7][完整韧性] R_ethical=0.745 C=0.946 robust=0.071 recover=0.296 BSP=1.00 abandoned={'justice': 'authority'} tau_abandon=0.75 verdict=ACCEPT nq[DEGRADED] convB=0.280→0.119 volB=0.590→0.227
2026-09-05 16:04:30,769 INFO ethicalguard: [PQ-3-8] ERS=0.62 type=medical_preference action=ethics_consult gate=intervene | 组队: ['physician', 'ethics_committee', 'patient', 'family']
2026-09-05 16:06:45,285 INFO ethicalguard: [PQ-3-8] ERS=0.62 type=medical_preference action=ethics_consult gate=intervene | 组队: ['physician', 'ethics_committee', 'patient', 'family']
2026-09-05 16:08:16,056 INFO ethicalguard: [PQ-3-8] ERS=0.62 type=medical_preference action=ethics_consult gate=intervene | 组队: ['physician', 'ethics_committee', 'patient', 'family', 'hospital_admin']
