nohup: ignoring input
2026-09-07 19:55:45,833 INFO ethicalguard: [PQ-368-756] ERS=0.30 type=none action=observe gate=routine | 组队: ['physician', 'ethics_committee', 'patient']
2026-09-07 19:57:47,643 INFO ethicalguard: [PQ-368-756] ERS=0.30 type=none action=observe gate=routine | 组队: ['physician', 'ethics_committee', 'patient']
2026-09-07 19:59:48,391 INFO ethicalguard: [PQ-371-764] ERS=0.30 type=preference_qol action=observe gate=routine | 组队: ['physician', 'ethics_committee', 'patient']
2026-09-07 20:00:59,118 INFO ethicalguard: [PQ-371-764] ERS=0.30 type=preference_qol action=observe gate=routine | 组队: ['physician', 'ethics_committee', 'patient']
2026-09-07 20:02:09,719 INFO ethicalguard: [PQ-369-758] ERS=0.40 type=preference_qol action=observe gate=routine | 组队: ['physician', 'ethics_committee', 'patient']
2026-09-07 20:03:24,673 INFO ethicalguard: [PQ-369-758] ERS=0.40 type=preference_qol action=observe gate=routine | 组队: ['physician', 'ethics_committee', 'patient']
2026-09-07 20:04:41,858 INFO ethicalguard: [PQ-448-887] ERS=0.85 type=preference_qol action=ethics_consult gate=intervene | 组队: ['physician', 'ethics_committee', 'patient', 'family']
2026-09-07 20:06:11,104 INFO ethicalguard: [PQ-448-887] ERS=0.85 type=preference_qol action=ethics_consult gate=intervene | 组队: ['physician', 'ethics_committee', 'patient', 'family']
2026-09-07 20:07:40,244 INFO ethicalguard: [PQ-487-953] ERS=0.20 type=none action=observe gate=routine | 组队: ['physician', 'ethics_committee', 'patient']
2026-09-07 20:08:56,313 INFO ethicalguard: [PQ-487-953] ERS=0.20 type=none action=observe gate=routine | 组队: ['physician', 'ethics_committee', 'patient']
2026-09-07 20:10:11,547 INFO ethicalguard: [PQ-63-135] ERS=0.30 type=none action=observe gate=routine | 组队: ['physician', 'ethics_committee', 'patient', 'hospital_admin']
2026-09-07 20:12:18,062 INFO ethicalguard: [PQ-63-135] ERS=0.30 type=none action=observe gate=routine | 组队: ['physician', 'ethics_committee', 'patient', 'hospital_admin']
2026-09-07 20:13:41,453 INFO ethicalguard: [PQ-9-22] ERS=0.20 type=preference_qol action=observe gate=routine | 组队: ['physician', 'ethics_committee', 'patient', 'family', 'hospital_admin']
2026-09-07 20:17:08,445 INFO ethicalguard: [PQ-9-22] ERS=0.20 type=preference_qol action=observe gate=routine | 组队: ['physician', 'ethics_committee', 'patient', 'family', 'hospital_admin']
2026-09-07 20:20:35,222 INFO ethicalguard: [PQ-49-101] ERS=0.30 type=preference_family action=observe gate=routine | 组队: ['physician', 'ethics_committee', 'patient', 'family']
2026-09-07 20:22:46,159 INFO ethicalguard: [PQ-49-101] ERS=0.30 type=preference_family action=observe gate=routine | 组队: ['physician', 'ethics_committee', 'patient', 'family']
2026-09-07 20:24:54,369 INFO ethicalguard: [PQ-273-559] ERS=0.20 type=none action=observe gate=routine | 组队: ['physician', 'ethics_committee', 'patient']
2026-09-07 20:26:03,744 INFO ethicalguard: [PQ-273-559] ERS=0.20 type=none action=observe gate=routine | 组队: ['physician', 'ethics_committee', 'patient']
2026-09-07 20:27:51,914 INFO ethicalguard: [PQ-474-931] ERS=0.70 type=preference_qol action=ethics_consult gate=intervene | 组队: ['physician', 'ethics_committee', 'patient', 'family', 'hospital_admin']
2026-09-07 20:29:39,859 INFO ethicalguard: [PQ-474-931] ERS=0.70 type=preference_qol action=ethics_consult gate=intervene | 组队: ['physician', 'ethics_committee', 'patient', 'family', 'hospital_admin']
2026-09-07 20:31:27,110 INFO ethicalguard: [PQ-528-1022] ERS=0.30 type=preference_qol action=observe gate=routine | 组队: ['physician', 'ethics_committee', 'patient', 'hospital_admin']
2026-09-07 20:32:48,811 INFO ethicalguard: [PQ-528-1022] ERS=0.30 type=preference_qol action=observe gate=routine | 组队: ['physician', 'ethics_committee', 'patient', 'hospital_admin']
2026-09-07 20:34:13,634 INFO ethicalguard: [PQ-863-1400] ERS=0.85 type=preference_qol action=ethics_consult gate=intervene | 组队: ['physician', 'ethics_committee', 'patient', 'family', 'hospital_admin']
2026-09-07 20:39:28,999 INFO ethicalguard: [PQ-863-1400] ERS=0.85 type=preference_qol action=ethics_consult gate=intervene | 组队: ['physician', 'ethics_committee', 'patient', 'family', 'hospital_admin']
2026-09-07 20:41:21,664 INFO ethicalguard: [PQ-334-688] ERS=0.20 type=none action=observe gate=routine | 组队: ['physician', 'ethics_committee', 'patient']
2026-09-07 20:43:09,293 INFO ethicalguard: [PQ-334-688] ERS=0.20 type=none action=observe gate=routine | 组队: ['physician', 'ethics_committee', 'patient']
2026-09-07 20:44:57,916 INFO ethicalguard: [PQ-348-722] ERS=0.30 type=preference_qol action=observe gate=routine | 组队: ['physician', 'ethics_committee', 'patient', 'hospital_admin']
2026-09-07 20:46:31,463 INFO ethicalguard: [PQ-348-722] ERS=0.30 type=preference_qol action=observe gate=routine | 组队: ['physician', 'ethics_committee', 'patient', 'hospital_admin']
2026-09-07 20:48:06,152 INFO ethicalguard: [PQ-299-609] ERS=0.30 type=preference_qol action=observe gate=routine | 组队: ['physician', 'ethics_committee', 'patient', 'hospital_admin']
2026-09-07 20:50:17,415 INFO ethicalguard: [PQ-299-609] ERS=0.30 type=preference_qol action=observe gate=routine | 组队: ['physician', 'ethics_committee', 'patient', 'hospital_admin']
2026-09-07 20:52:29,737 INFO ethicalguard: [PQ-698-1217] ERS=0.30 type=preference_qol action=observe gate=routine | 组队: ['physician', 'ethics_committee', 'patient']
2026-09-07 20:53:46,985 INFO ethicalguard: [PQ-698-1217] ERS=0.30 type=preference_qol action=observe gate=routine | 组队: ['physician', 'ethics_committee', 'patient']
2026-09-07 20:55:03,066 INFO ethicalguard: [PQ-178-352] ERS=0.85 type=preference_qol action=ethics_consult gate=intervene | 组队: ['physician', 'ethics_committee', 'patient', 'family', 'hospital_admin']
2026-09-07 20:57:56,324 INFO ethicalguard: [PQ-178-352] ERS=0.85 type=preference_qol action=ethics_consult gate=intervene | 组队: ['physician', 'ethics_committee', 'patient', 'family', 'hospital_admin']
2026-09-07 21:00:48,004 INFO ethicalguard: [PQ-258-526] ERS=0.85 type=preference_qol action=ethics_consult gate=intervene | 组队: ['physician', 'ethics_committee', 'patient', 'family', 'hospital_admin']
2026-09-07 21:02:39,219 INFO ethicalguard: [PQ-258-526] ERS=0.85 type=preference_qol action=ethics_consult gate=intervene | 组队: ['physician', 'ethics_committee', 'patient', 'family', 'hospital_admin']
2026-09-07 21:04:31,435 INFO ethicalguard: [PQ-288-586] ERS=0.40 type=preference_qol action=observe gate=routine | 组队: ['physician', 'ethics_committee', 'patient']
2026-09-07 21:05:46,128 INFO ethicalguard: [PQ-288-586] ERS=0.40 type=preference_qol action=observe gate=routine | 组队: ['physician', 'ethics_committee', 'patient']
2026-09-07 21:06:59,100 INFO ethicalguard: [PQ-322-661] ERS=0.30 type=none action=observe gate=routine | 组队: ['physician', 'ethics_committee', 'patient']
2026-09-07 21:09:15,816 INFO ethicalguard: [PQ-322-661] ERS=0.30 type=none action=observe gate=routine | 组队: ['physician', 'ethics_committee', 'patient']
2026-09-07 21:11:35,216 INFO ethicalguard: [PQ-303-616] ERS=0.30 type=preference_qol action=observe gate=routine | 组队: ['physician', 'ethics_committee', 'patient']
2026-09-07 21:14:03,746 INFO ethicalguard: [PQ-303-616] ERS=0.30 type=preference_qol action=observe gate=routine | 组队: ['physician', 'ethics_committee', 'patient']
2026-09-07 21:16:30,411 INFO ethicalguard: [PQ-313-640] ERS=0.20 type=none action=observe gate=routine | 组队: ['physician', 'ethics_committee', 'patient', 'family']
2026-09-07 21:19:22,546 INFO ethicalguard: [PQ-313-640] ERS=0.20 type=none action=observe gate=routine | 组队: ['physician', 'ethics_committee', 'patient', 'family']
2026-09-07 21:22:14,251 INFO ethicalguard: [PQ-526-1019] ERS=0.75 type=preference_qol action=ethics_consult gate=intervene | 组队: ['physician', 'ethics_committee', 'patient', 'family']
2026-09-07 21:23:51,619 INFO ethicalguard: [PQ-526-1019] ERS=0.75 type=preference_qol action=ethics_consult gate=intervene | 组队: ['physician', 'ethics_committee', 'patient', 'family']
2026-09-07 21:25:33,314 INFO ethicalguard: [PQ-242-486] ERS=0.20 type=none action=observe gate=routine | 组队: ['physician', 'ethics_committee', 'patient', 'hospital_admin']
2026-09-07 21:28:42,302 INFO ethicalguard: [PQ-242-486] ERS=0.20 type=none action=observe gate=routine | 组队: ['physician', 'ethics_committee', 'patient', 'hospital_admin']
2026-09-07 21:31:11,471 INFO ethicalguard: [PQ-286-581] ERS=0.20 type=none action=observe gate=routine | 组队: ['physician', 'ethics_committee', 'patient']
2026-09-07 21:32:25,102 INFO ethicalguard: [PQ-286-581] ERS=0.20 type=none action=observe gate=routine | 组队: ['physician', 'ethics_committee', 'patient']
2026-09-07 21:33:40,524 INFO ethicalguard: [PQ-44-92] ERS=0.20 type=none action=observe gate=routine | 组队: ['physician', 'ethics_committee', 'patient']
2026-09-07 21:34:45,503 INFO ethicalguard: [PQ-44-92] ERS=0.20 type=none action=observe gate=routine | 组队: ['physician', 'ethics_committee', 'patient']
2026-09-07 21:35:56,964 INFO ethicalguard: [PQ-530-1024] ERS=0.70 type=preference_qol action=ethics_consult gate=intervene | 组队: ['physician', 'ethics_committee', 'patient', 'hospital_admin']
2026-09-07 21:38:17,375 INFO ethicalguard: [PQ-530-1024] ERS=0.70 type=preference_qol action=ethics_consult gate=intervene | 组队: ['physician', 'ethics_committee', 'patient', 'hospital_admin']
2026-09-07 21:41:19,314 INFO ethicalguard: [PQ-681-1202] ERS=0.30 type=none action=observe gate=routine | 组队: ['physician', 'ethics_committee', 'patient']
2026-09-07 21:43:04,957 INFO ethicalguard: [PQ-681-1202] ERS=0.30 type=none action=observe gate=routine | 组队: ['physician', 'ethics_committee', 'patient']
2026-09-07 21:44:51,316 INFO ethicalguard: [PQ-351-727] ERS=0.80 type=preference_family action=ethics_consult gate=intervene | 组队: ['physician', 'ethics_committee', 'patient', 'family']
2026-09-07 21:46:18,297 INFO ethicalguard: [PQ-351-727] ERS=0.80 type=preference_family action=ethics_consult gate=intervene | 组队: ['physician', 'ethics_committee', 'patient', 'family']
2026-09-07 21:48:36,895 INFO ethicalguard: [PQ-722-1256] ERS=0.75 type=preference_qol action=ethics_consult gate=intervene | 组队: ['physician', 'ethics_committee', 'patient', 'family', 'hospital_admin']
2026-09-07 21:50:10,399 INFO ethicalguard: [PQ-722-1256] ERS=0.75 type=preference_qol action=ethics_consult gate=intervene | 组队: ['physician', 'ethics_committee', 'patient', 'family', 'hospital_admin']
场景 30（rubric+keypoints）
[A 复用] 现状 MANE 文本 30 条 <- runs/cross_method_texts.jsonl

===== Stage A：生成 B/C 配置最终文本（各 30 场景现跑）=====
  PQ-368-756         B_议题感知         len=  677 viol=0.00
  PQ-368-756         C_议题+例外        len=  682 viol=0.00
  PQ-371-764         B_议题感知         len=  637 viol=0.00
  PQ-371-764         C_议题+例外        len=  628 viol=0.00
  PQ-369-758         B_议题感知         len=  563 viol=0.00
  PQ-369-758         C_议题+例外        len=  664 viol=0.00
  PQ-448-887         B_议题感知         len=  740 viol=0.00
  PQ-448-887         C_议题+例外        len=  740 viol=0.00
  PQ-487-953         B_议题感知         len=  650 viol=0.00
  PQ-487-953         C_议题+例外        len=  650 viol=0.00
  PQ-63-135          B_议题感知         len=  551 viol=0.00
  PQ-63-135          C_议题+例外        len=  741 viol=0.00
  PQ-9-22            B_议题感知         len=  676 viol=0.00
  PQ-9-22            C_议题+例外        len=  676 viol=0.00
  PQ-49-101          B_议题感知         len=  843 viol=0.00
  PQ-49-101          C_议题+例外        len=  723 viol=0.00
  PQ-273-559         B_议题感知         len=  687 viol=0.00
  PQ-273-559         C_议题+例外        len=  608 viol=0.00
  PQ-474-931         B_议题感知         len=  780 viol=0.00
  PQ-474-931         C_议题+例外        len=  780 viol=0.00
  PQ-528-1022        B_议题感知         len=  740 viol=0.00
  PQ-528-1022        C_议题+例外        len=  665 viol=0.00
  PQ-863-1400        B_议题感知         len= 1030 viol=0.00
  PQ-863-1400        C_议题+例外        len=  681 viol=0.00
  PQ-334-688         B_议题感知         len=  638 viol=0.00
  PQ-334-688         C_议题+例外        len=  638 viol=0.00
  PQ-348-722         B_议题感知         len= 1174 viol=0.00
  PQ-348-722         C_议题+例外        len= 1174 viol=0.00
  PQ-299-609         B_议题感知         len=  701 viol=0.00
  PQ-299-609         C_议题+例外        len=  661 viol=0.00
  PQ-698-1217        B_议题感知         len=  594 viol=0.00
  PQ-698-1217        C_议题+例外        len=  594 viol=0.00
  PQ-178-352         B_议题感知         len=  923 viol=0.00
  PQ-178-352         C_议题+例外        len=  923 viol=0.00
  PQ-258-526         B_议题感知         len=  651 viol=0.00
  PQ-258-526         C_议题+例外        len=  720 viol=0.00
  PQ-288-586         B_议题感知         len=  689 viol=0.00
  PQ-288-586         C_议题+例外        len=  689 viol=0.00
  PQ-322-661         B_议题感知         len=  669 viol=0.00
  PQ-322-661         C_议题+例外        len=  563 viol=0.00
  PQ-303-616         B_议题感知         len=  739 viol=0.00
  PQ-303-616         C_议题+例外        len=  734 viol=0.00
  PQ-313-640         B_议题感知         len=  608 viol=0.00
  PQ-313-640         C_议题+例外        len=  608 viol=0.00
  PQ-526-1019        B_议题感知         len=  940 viol=0.00
  PQ-526-1019        C_议题+例外        len=  948 viol=0.00
  PQ-242-486         B_议题感知         len=  708 viol=0.00
  PQ-242-486         C_议题+例外        len=  766 viol=0.00
  PQ-286-581         B_议题感知         len=  767 viol=0.00
  PQ-286-581         C_议题+例外        len=  828 viol=0.00
  PQ-44-92           B_议题感知         len=  620 viol=0.00
  PQ-44-92           C_议题+例外        len=  747 viol=0.00
  PQ-530-1024        B_议题感知         len=  895 viol=0.00
  PQ-530-1024        C_议题+例外        len=  623 viol=0.00
  PQ-681-1202        B_议题感知         len=  602 viol=0.00
  PQ-681-1202        C_议题+例外        len=  638 viol=0.00
  PQ-351-727         B_议题感知         len=  668 viol=0.00
  PQ-351-727         C_议题+例外        len=  667 viol=0.00
  PQ-722-1256        B_议题感知         len=  429 viol=0.00
  PQ-722-1256        C_议题+例外        len=  429 viol=0.00

===== Stage B：评分 + 议题覆盖诊断 =====
  PQ-368-756         A_现状         pqa=0.75 cov=0.3 cover=1
  PQ-368-756         B_议题感知       pqa=0.875 cov=0.6 cover=1
  PQ-368-756         C_议题+例外      pqa=0.875 cov=0.6 cover=1
  PQ-371-764         A_现状         pqa=1.0 cov=1.0 cover=1
  PQ-371-764         B_议题感知       pqa=1.0 cov=1.0 cover=1
  PQ-371-764         C_议题+例外      pqa=1.0 cov=1.0 cover=1
  PQ-369-758         A_现状         pqa=0.2 cov=0.4 cover=1
  PQ-369-758         B_议题感知       pqa=0.9 cov=1.0 cover=1
  PQ-369-758         C_议题+例外      pqa=0.9 cov=0.7 cover=1
  PQ-448-887         A_现状         pqa=0.75 cov=1.0 cover=1
  PQ-448-887         B_议题感知       pqa=0.75 cov=0.7 cover=1
  PQ-448-887         C_议题+例外      pqa=0.75 cov=0.7 cover=1
  PQ-487-953         A_现状         pqa=0.8 cov=0.7 cover=1
  PQ-487-953         B_议题感知       pqa=0.9 cov=0.8 cover=1
  PQ-487-953         C_议题+例外      pqa=0.9 cov=0.8 cover=1
  PQ-63-135          A_现状         pqa=1.0 cov=1.0 cover=1
  PQ-63-135          B_议题感知       pqa=1.0 cov=1.0 cover=1
  PQ-63-135          C_议题+例外      pqa=1.0 cov=1.0 cover=1
  PQ-9-22            A_现状         pqa=0.8333333333333334 cov=0.6 cover=1
  PQ-9-22            B_议题感知       pqa=0.8333333333333334 cov=1.0 cover=1
  PQ-9-22            C_议题+例外      pqa=0.8333333333333334 cov=1.0 cover=1
  PQ-49-101          A_现状         pqa=0.0 cov=0.3 cover=1
  PQ-49-101          B_议题感知       pqa=0.25 cov=0.7 cover=1
  PQ-49-101          C_议题+例外      pqa=0.375 cov=0.7 cover=1
  PQ-273-559         A_现状         pqa=0.2 cov=0.2 cover=1
  PQ-273-559         B_议题感知       pqa=0.6 cov=0.6 cover=1
  PQ-273-559         C_议题+例外      pqa=0.6 cov=0.6 cover=1
  PQ-474-931         A_现状         pqa=0.8 cov=1.0 cover=1
  PQ-474-931         B_议题感知       pqa=0.8 cov=1.0 cover=1
  PQ-474-931         C_议题+例外      pqa=0.8 cov=1.0 cover=1
  PQ-528-1022        A_现状         pqa=0.5 cov=0.6 cover=1
  PQ-528-1022        B_议题感知       pqa=0.5 cov=1.0 cover=1
  PQ-528-1022        C_议题+例外      pqa=0.5 cov=1.0 cover=1
  PQ-863-1400        A_现状         pqa=0.375 cov=0.0 cover=1
  PQ-863-1400        B_议题感知       pqa=0.75 cov=1.0 cover=1
  PQ-863-1400        C_议题+例外      pqa=0.75 cov=0.7 cover=1
  PQ-334-688         A_现状         pqa=0.3 cov=0.3 cover=1
  PQ-334-688         B_议题感知       pqa=0.1 cov=0.7 cover=1
  PQ-334-688         C_议题+例外      pqa=0.1 cov=0.7 cover=1
  PQ-348-722         A_现状         pqa=0.16666666666666666 cov=0.0 cover=1
  PQ-348-722         B_议题感知       pqa=0.8333333333333334 cov=1.0 cover=1
  PQ-348-722         C_议题+例外      pqa=0.8333333333333334 cov=1.0 cover=1
  PQ-299-609         A_现状         pqa=1.0 cov=0.6 cover=1
  PQ-299-609         B_议题感知       pqa=1.0 cov=1.0 cover=1
  PQ-299-609         C_议题+例外      pqa=1.0 cov=1.0 cover=1
  PQ-698-1217        A_现状         pqa=0.6666666666666666 cov=0.6 cover=1
  PQ-698-1217        B_议题感知       pqa=0.5 cov=0.8 cover=1
  PQ-698-1217        C_议题+例外      pqa=0.5 cov=0.8 cover=1
  PQ-178-352         A_现状         pqa=0.9 cov=0.4 cover=1
  PQ-178-352         B_议题感知       pqa=1.0 cov=1.0 cover=1
  PQ-178-352         C_议题+例外      pqa=0.9 cov=1.0 cover=1
  PQ-258-526         A_现状         pqa=1.0 cov=1.0 cover=1
  PQ-258-526         B_议题感知       pqa=0.9 cov=1.0 cover=1
  PQ-258-526         C_议题+例外      pqa=0.9 cov=1.0 cover=1
  PQ-288-586         A_现状         pqa=0.0 cov=0.0 cover=1
  PQ-288-586         B_议题感知       pqa=1.0 cov=1.0 cover=1
  PQ-288-586         C_议题+例外      pqa=1.0 cov=1.0 cover=1
  PQ-322-661         A_现状         pqa=1.0 cov=1.0 cover=1
  PQ-322-661         B_议题感知       pqa=1.0 cov=1.0 cover=1
  PQ-322-661         C_议题+例外      pqa=1.0 cov=1.0 cover=1
  PQ-303-616         A_现状         pqa=0.4 cov=0.6 cover=1
  PQ-303-616         B_议题感知       pqa=0.6 cov=0.7 cover=1
  PQ-303-616         C_议题+例外      pqa=0.6 cov=1.0 cover=1
  PQ-313-640         A_现状         pqa=0.6 cov=0.7 cover=1
  PQ-313-640         B_议题感知       pqa=0.6 cov=0.6 cover=1
  PQ-313-640         C_议题+例外      pqa=0.6 cov=0.6 cover=1
  PQ-526-1019        A_现状         pqa=0.8 cov=0.7 cover=1
  PQ-526-1019        B_议题感知       pqa=1.0 cov=1.0 cover=1
  PQ-526-1019        C_议题+例外      pqa=1.0 cov=1.0 cover=1
  PQ-242-486         A_现状         pqa=0.0 cov=0.0 cover=1
  PQ-242-486         B_议题感知       pqa=0.8333333333333334 cov=0.7 cover=1
  PQ-242-486         C_议题+例外      pqa=0.16666666666666666 cov=0.5 cover=1
  PQ-286-581         A_现状         pqa=0.25 cov=0.6 cover=1
  PQ-286-581         B_议题感知       pqa=0.25 cov=1.0 cover=1
  PQ-286-581         C_议题+例外      pqa=0.25 cov=0.8 cover=1
  PQ-44-92           A_现状         pqa=0.75 cov=0.6 cover=1
  PQ-44-92           B_议题感知       pqa=0.875 cov=1.0 cover=1
  PQ-44-92           C_议题+例外      pqa=0.875 cov=1.0 cover=1
  PQ-530-1024        B_议题感知       pqa=0.5 cov=1.0 cover=1
  PQ-530-1024        C_议题+例外      pqa=0.5 cov=1.0 cover=1
  PQ-681-1202        A_现状         pqa=0.25 cov=0.7 cover=1
  PQ-681-1202        B_议题感知       pqa=0.75 cov=0.8 cover=1
  PQ-681-1202        C_议题+例外      pqa=0.25 cov=1.0 cover=1
  PQ-351-727         A_现状         pqa=0.125 cov=0.3 cover=1
  PQ-351-727         B_议题感知       pqa=0.25 cov=0.7 cover=1
  PQ-351-727         C_议题+例外      pqa=0.125 cov=0.3 cover=1
  PQ-722-1256        A_现状         pqa=1.0 cov=1.0 cover=1
  PQ-722-1256        B_议题感知       pqa=1.0 cov=1.0 cover=1
  PQ-722-1256        C_议题+例外      pqa=1.0 cov=1.0 cover=1

===== 汇总：A/B/C（同题同批 judge）=====
配置             n    pqa   cov  clear    议题覆盖    违反场景率
A_现状          29  0.566 0.559  0.710   1.000     0.0%
B_议题感知        30  0.738 0.880  0.873   1.000     0.0%
C_议题+例外       30  0.696 0.850  0.867   1.000     0.0%

===== 配对（同题）：B−A / C−A =====
  B_议题感知       官方协议   n= 29 Δ=-0.180 胜场 3/29
  B_议题感知       要点覆盖   n= 29 Δ=-0.317 胜场 2/29
  B_议题感知       议题覆盖   n= 29 Δ=+0.000 胜场 0/29
  C_议题+例外      官方协议   n= 29 Δ=-0.137 胜场 3/29
  C_议题+例外      要点覆盖   n= 29 Δ=-0.286 胜场 2/29
  C_议题+例外      议题覆盖   n= 29 Δ=+0.000 胜场 0/29

判定：pqa/cov/议题覆盖显著升 → 议题感知修复切题；C 较 B 在例外题额外升 → 例外议程有效；
违反场景率必须保持 0%（开关不得破坏保证层）。产物: runs/arch_scores_v2.jsonl / runs/arch_texts_v2.jsonl
